{"level":30,"time":"2026-07-31T15:10:43.997Z","pid":4,"service":"mockzilla","version":"1.0.6","reqId":"54ca2419-1032-4786-85fc-35f81455ddfb","path":"/api/users","method":"GET","type":"intercept","msg":"Incoming request"}
{"level":30,"time":"2026-07-31T15:10:44.004Z","pid":4,"service":"mockzilla","version":"1.0.6","reqId":"54ca2419-1032-4786-85fc-35f81455ddfb","path":"/api/users","method":"GET","type":"intercept","mockId":"mock-1","matchType":"exact","msg":"Mock match found"}
{"level":30,"time":"2026-07-31T15:10:44.388Z","pid":4,"service":"mockzilla","version":"1.0.6","reqId":"54ca2419-1032-4786-85fc-35f81455ddfb","path":"/api/users","method":"GET","type":"intercept","statusCode":200,"msg":"Returning static response"}
{"level":30,"time":"2026-07-31T15:10:44.392Z","pid":4,"service":"mockzilla","version":"1.0.6","reqId":"b07ba0be-0b52-42da-b38f-7b2b5eaaa56f","path":"/unknown/users","method":"GET","type":"intercept","msg":"Incoming request"}
{"level":40,"time":"2026-07-31T15:10:44.393Z","pid":4,"service":"mockzilla","version":"1.0.6","reqId":"b07ba0be-0b52-42da-b38f-7b2b5eaaa56f","path":"/unknown/users","method":"GET","type":"intercept","pathSegments":["unknown","users"],"msg":"Folder not found"}
{"level":30,"time":"2026-07-31T15:10:44.394Z","pid":4,"service":"mockzilla","version":"1.0.6","reqId":"fee21a97-4faa-4b95-afb2-163856038e81","path":"/api/unknown","method":"GET","type":"intercept","msg":"Incoming request"}
{"level":40,"time":"2026-07-31T15:10:44.394Z","pid":4,"service":"mockzilla","version":"1.0.6","reqId":"fee21a97-4faa-4b95-afb2-163856038e81","path":"/api/unknown","method":"GET","type":"intercept","msg":"No matching mock found"}
{"level":30,"time":"2026-07-31T15:10:44.396Z","pid":4,"service":"mockzilla","version":"1.0.6","reqId":"1a01d08d-6e44-4a33-bf3b-19482dc5a4e1","path":"/api/users","method":"POST","type":"intercept","msg":"Incoming request"}
{"level":30,"time":"2026-07-31T15:10:44.396Z","pid":4,"service":"mockzilla","version":"1.0.6","reqId":"1a01d08d-6e44-4a33-bf3b-19482dc5a4e1","path":"/api/users","method":"POST","type":"intercept","mockId":"mock-1","matchType":"exact","msg":"Mock match found"}
{"level":30,"time":"2026-07-31T15:10:44.397Z","pid":4,"service":"mockzilla","version":"1.0.6","reqId":"1a01d08d-6e44-4a33-bf3b-19482dc5a4e1","path":"/api/users","method":"POST","type":"intercept","statusCode":201,"msg":"Returning echoed JSON response"}
{"level":30,"time":"2026-07-31T15:10:44.398Z","pid":4,"service":"mockzilla","version":"1.0.6","reqId":"bf888055-743b-4c92-995f-a135c7b867f0","path":"/api/text","method":"GET","type":"intercept","msg":"Incoming request"}
{"level":30,"time":"2026-07-31T15:10:44.398Z","pid":4,"service":"mockzilla","version":"1.0.6","reqId":"bf888055-743b-4c92-995f-a135c7b867f0","path":"/api/text","method":"GET","type":"intercept","mockId":"mock-1","matchType":"exact","msg":"Mock match found"}
{"level":30,"time":"2026-07-31T15:10:44.399Z","pid":4,"service":"mockzilla","version":"1.0.6","reqId":"bf888055-743b-4c92-995f-a135c7b867f0","path":"/api/text","method":"GET","type":"intercept","statusCode":200,"msg":"Returning static response"}
{"level":30,"time":"2026-07-31T15:10:44.400Z","pid":4,"service":"mockzilla","version":"1.0.6","reqId":"a32ceaa7-41b3-4a96-b6a9-5333eda1c800","path":"/api/","method":"GET","type":"intercept","msg":"Incoming request"}
{"level":30,"time":"2026-07-31T15:10:44.401Z","pid":4,"service":"mockzilla","version":"1.0.6","reqId":"a32ceaa7-41b3-4a96-b6a9-5333eda1c800","path":"/api/","method":"GET","type":"intercept","mockId":"mock-1","matchType":"exact","msg":"Mock match found"}
{"level":30,"time":"2026-07-31T15:10:44.401Z","pid":4,"service":"mockzilla","version":"1.0.6","reqId":"a32ceaa7-41b3-4a96-b6a9-5333eda1c800","path":"/api/","method":"GET","type":"intercept","statusCode":200,"msg":"Returning static response"}
{"level":30,"time":"2026-07-31T15:10:44.402Z","pid":4,"service":"mockzilla","version":"1.0.6","reqId":"a92c85da-af83-4d74-b0e1-a335cc06a464","path":"/api","method":"GET","type":"intercept","msg":"Incoming request"}
{"level":30,"time":"2026-07-31T15:10:44.402Z","pid":4,"service":"mockzilla","version":"1.0.6","reqId":"a92c85da-af83-4d74-b0e1-a335cc06a464","path":"/api","method":"GET","type":"intercept","mockId":"mock-1","matchType":"exact","msg":"Mock match found"}
{"level":30,"time":"2026-07-31T15:10:44.402Z","pid":4,"service":"mockzilla","version":"1.0.6","reqId":"a92c85da-af83-4d74-b0e1-a335cc06a464","path":"/api","method":"GET","type":"intercept","statusCode":200,"msg":"Returning static response"}
{"level":30,"time":"2026-07-31T15:10:44.403Z","pid":4,"service":"mockzilla","version":"1.0.6","reqId":"15a264f6-1645-4600-a470-df43671aedde","path":"/api/dynamic","method":"GET","type":"intercept","msg":"Incoming request"}
{"level":30,"time":"2026-07-31T15:10:44.404Z","pid":4,"service":"mockzilla","version":"1.0.6","reqId":"15a264f6-1645-4600-a470-df43671aedde","path":"/api/dynamic","method":"GET","type":"intercept","mockId":"mock-1","matchType":"exact","msg":"Mock match found"}
{"level":30,"time":"2026-07-31T15:10:44.465Z","pid":4,"service":"mockzilla","version":"1.0.6","reqId":"15a264f6-1645-4600-a470-df43671aedde","path":"/api/dynamic","method":"GET","type":"intercept","statusCode":200,"msg":"Returning dynamic response"}
{"level":30,"time":"2026-07-31T15:10:44.466Z","pid":4,"service":"mockzilla","version":"1.0.6","reqId":"75b6c8b3-ba47-4668-bf57-a82dd2e13284","path":"/api/users/","method":"GET","type":"intercept","msg":"Incoming request"}
{"level":30,"time":"2026-07-31T15:10:44.467Z","pid":4,"service":"mockzilla","version":"1.0.6","reqId":"75b6c8b3-ba47-4668-bf57-a82dd2e13284","path":"/api/users/","method":"GET","type":"intercept","mockId":"mock-1","matchType":"exact","msg":"Mock match found"}
{"level":30,"time":"2026-07-31T15:10:44.467Z","pid":4,"service":"mockzilla","version":"1.0.6","reqId":"75b6c8b3-ba47-4668-bf57-a82dd2e13284","path":"/api/users/","method":"GET","type":"intercept","statusCode":200,"msg":"Returning static response"}
{"level":30,"time":"2026-07-31T15:10:44.468Z","pid":4,"service":"mockzilla","version":"1.0.6","reqId":"a0cce3de-27f6-4baf-be0a-2c453969a694","path":"/api/users/list","method":"GET","type":"intercept","msg":"Incoming request"}
{"level":30,"time":"2026-07-31T15:10:44.469Z","pid":4,"service":"mockzilla","version":"1.0.6","reqId":"a0cce3de-27f6-4baf-be0a-2c453969a694","path":"/api/users/list","method":"GET","type":"intercept","mockId":"substring-1","matchType":"substring","msg":"Mock match found"}
{"level":30,"time":"2026-07-31T15:10:44.470Z","pid":4,"service":"mockzilla","version":"1.0.6","reqId":"a0cce3de-27f6-4baf-be0a-2c453969a694","path":"/api/users/list","method":"GET","type":"intercept","statusCode":200,"msg":"Returning static response"}
{"level":30,"time":"2026-07-31T15:10:44.471Z","pid":4,"service":"mockzilla","version":"1.0.6","reqId":"6685a00f-929a-4c36-bd59-b428b6e7fc01","path":"/api/users/details/123","method":"GET","type":"intercept","msg":"Incoming request"}
{"level":30,"time":"2026-07-31T15:10:44.472Z","pid":4,"service":"mockzilla","version":"1.0.6","reqId":"6685a00f-929a-4c36-bd59-b428b6e7fc01","path":"/api/users/details/123","method":"GET","type":"intercept","mockId":"mock-subfolder-1","matchType":"exact","msg":"Mock match found"}
{"level":30,"time":"2026-07-31T15:10:44.472Z","pid":4,"service":"mockzilla","version":"1.0.6","reqId":"6685a00f-929a-4c36-bd59-b428b6e7fc01","path":"/api/users/details/123","method":"GET","type":"intercept","statusCode":200,"msg":"Returning static response"}
{"level":30,"time":"2026-07-31T15:10:44.473Z","pid":4,"service":"mockzilla","version":"1.0.6","reqId":"48d42303-c0fd-4fe8-987c-7e6fae9e588c","path":"/api/users/details/123","method":"GET","type":"intercept","msg":"Incoming request"}
{"level":30,"time":"2026-07-31T15:10:44.473Z","pid":4,"service":"mockzilla","version":"1.0.6","reqId":"48d42303-c0fd-4fe8-987c-7e6fae9e588c","path":"/api/users/details/123","method":"GET","type":"intercept","mockId":"mock-subfolder-wildcard-query","matchType":"wildcard","msg":"Mock match found"}
{"level":30,"time":"2026-07-31T15:10:44.475Z","pid":4,"service":"mockzilla","version":"1.0.6","reqId":"48d42303-c0fd-4fe8-987c-7e6fae9e588c","path":"/api/users/details/123","method":"GET","type":"intercept","statusCode":200,"msg":"Returning static response"}
{"level":30,"time":"2026-07-31T15:10:44.476Z","pid":4,"service":"mockzilla","version":"1.0.6","reqId":"624875d3-7884-45c2-b153-f268581b2d07","path":"/api/users/details/123","method":"GET","type":"intercept","msg":"Incoming request"}
{"level":40,"time":"2026-07-31T15:10:44.477Z","pid":4,"service":"mockzilla","version":"1.0.6","reqId":"624875d3-7884-45c2-b153-f268581b2d07","path":"/api/users/details/123","method":"GET","type":"intercept","msg":"No matching mock found"}
{"level":30,"time":"2026-07-31T15:10:44.479Z","pid":4,"service":"mockzilla","version":"1.0.6","reqId":"2dc78112-8153-4b8a-b486-7e49333ec385","path":"/api/users","method":"GET","type":"intercept","msg":"Incoming request"}
{"level":50,"time":"2026-07-31T15:10:44.479Z","pid":4,"service":"mockzilla","version":"1.0.6","reqId":"2dc78112-8153-4b8a-b486-7e49333ec385","path":"/api/users","method":"GET","type":"intercept","err":{"type":"TypeError","message":"undefined is not an object (evaluating 'value.startsWith')","stack":"TypeError: undefined is not an object (evaluating 'value.startsWith')\n    at formatStoredFolderPath (/home/andrecrjr/Documents/dev/mockzilla-workspace/mockzilla/lib/utils/folder-paths.ts:20:29)\n    at matchFolderByPathSegments (/home/andrecrjr/Documents/dev/mockzilla-workspace/mockzilla/lib/utils/folder-paths.ts:125:22)\n    at handleRequest (/home/andrecrjr/Documents/dev/mockzilla-workspace/mockzilla/app/api/mock/[...path]/route.ts:81:23)\n    at processTicksAndRejections (native:7:39)"},"msg":"Internal Server Error during mock processing"}
{"level":30,"time":"2026-07-31T15:10:44.481Z","pid":4,"service":"mockzilla","version":"1.0.6","reqId":"aa5f2953-9ff9-423f-bcdb-762f3babeb0d","path":"/api/users","method":"GET","type":"intercept","msg":"Incoming request"}
{"level":50,"time":"2026-07-31T15:10:44.481Z","pid":4,"service":"mockzilla","version":"1.0.6","reqId":"aa5f2953-9ff9-423f-bcdb-762f3babeb0d","path":"/api/users","method":"GET","type":"intercept","err":{"type":"TypeError","message":"undefined is not an object (evaluating 'value.startsWith')","stack":"TypeError: undefined is not an object (evaluating 'value.startsWith')\n    at formatStoredFolderPath (/home/andrecrjr/Documents/dev/mockzilla-workspace/mockzilla/lib/utils/folder-paths.ts:20:29)\n    at matchFolderByPathSegments (/home/andrecrjr/Documents/dev/mockzilla-workspace/mockzilla/lib/utils/folder-paths.ts:125:22)\n    at handleRequest (/home/andrecrjr/Documents/dev/mockzilla-workspace/mockzilla/app/api/mock/[...path]/route.ts:81:23)\n    at processTicksAndRejections (native:7:39)"},"msg":"Internal Server Error during mock processing"}
{"level":30,"time":"2026-07-31T15:10:44.482Z","pid":4,"service":"mockzilla","version":"1.0.6","reqId":"d0f417ef-5e24-49b0-bdaa-4a6aa56f96ec","path":"/api/users","method":"GET","type":"intercept","msg":"Incoming request"}
{"level":50,"time":"2026-07-31T15:10:44.483Z","pid":4,"service":"mockzilla","version":"1.0.6","reqId":"d0f417ef-5e24-49b0-bdaa-4a6aa56f96ec","path":"/api/users","method":"GET","type":"intercept","err":{"type":"TypeError","message":"undefined is not an object (evaluating 'value.startsWith')","stack":"TypeError: undefined is not an object (evaluating 'value.startsWith')\n    at formatStoredFolderPath (/home/andrecrjr/Documents/dev/mockzilla-workspace/mockzilla/lib/utils/folder-paths.ts:20:29)\n    at matchFolderByPathSegments (/home/andrecrjr/Documents/dev/mockzilla-workspace/mockzilla/lib/utils/folder-paths.ts:125:22)\n    at handleRequest (/home/andrecrjr/Documents/dev/mockzilla-workspace/mockzilla/app/api/mock/[...path]/route.ts:81:23)\n    at processTicksAndRejections (native:7:39)"},"msg":"Internal Server Error during mock processing"}
{"level":30,"time":"2026-07-31T15:10:44.484Z","pid":4,"service":"mockzilla","version":"1.0.6","reqId":"1e23db90-caef-411e-92b5-66400e81595d","path":"/api/users","method":"GET","type":"intercept","msg":"Incoming request"}
{"level":30,"time":"2026-07-31T15:10:44.484Z","pid":4,"service":"mockzilla","version":"1.0.6","reqId":"1e23db90-caef-411e-92b5-66400e81595d","path":"/api/users","method":"GET","type":"intercept","mockId":"mock-1","matchType":"exact","msg":"Mock match found"}
{"level":30,"time":"2026-07-31T15:10:44.485Z","pid":4,"service":"mockzilla","version":"1.0.6","reqId":"1e23db90-caef-411e-92b5-66400e81595d","path":"/api/users","method":"GET","type":"intercept","statusCode":200,"msg":"Returning static response"}
{"level":30,"time":"2026-07-31T15:10:44.486Z","pid":4,"service":"mockzilla","version":"1.0.6","reqId":"8faf6995-9609-4688-9f3c-91e1ea367672","path":"/api/users","method":"POST","type":"intercept","msg":"Incoming request"}
{"level":30,"time":"2026-07-31T15:10:44.486Z","pid":4,"service":"mockzilla","version":"1.0.6","reqId":"8faf6995-9609-4688-9f3c-91e1ea367672","path":"/api/users","method":"POST","type":"intercept","mockId":"mock-1","matchType":"exact","msg":"Mock match found"}
{"level":40,"time":"2026-07-31T15:10:44.487Z","pid":4,"service":"mockzilla","version":"1.0.6","reqId":"8faf6995-9609-4688-9f3c-91e1ea367672","path":"/api/users","method":"POST","type":"intercept","msg":"Failed to parse JSON for echo, falling back to text"}
{"level":30,"time":"2026-07-31T15:10:44.488Z","pid":4,"service":"mockzilla","version":"1.0.6","reqId":"d6fc9507-0f26-4c1c-9206-ad0bab0e5ad2","path":"/api/users","method":"GET","type":"intercept","msg":"Incoming request"}
{"level":30,"time":"2026-07-31T15:10:44.488Z","pid":4,"service":"mockzilla","version":"1.0.6","reqId":"d6fc9507-0f26-4c1c-9206-ad0bab0e5ad2","path":"/api/users","method":"GET","type":"intercept","mockId":"mock-1","matchType":"exact","msg":"Mock match found"}
{"level":50,"time":"2026-07-31T15:10:44.488Z","pid":4,"service":"mockzilla","version":"1.0.6","reqId":"d6fc9507-0f26-4c1c-9206-ad0bab0e5ad2","path":"/api/users","method":"GET","type":"intercept","err":{"type":"SyntaxError","message":"JSON Parse error: Unexpected identifier \"invalid\"","stack":"SyntaxError: JSON Parse error: Unexpected identifier \"invalid\"\n    at <parse> (:0)\n    at parse (unknown)\n    at handleDynamicResponse (/home/andrecrjr/Documents/dev/mockzilla-workspace/mockzilla/app/api/mock/[...path]/route.ts:469:9)\n    at processTicksAndRejections (native:7:39)"},"msg":"Error generating from schema, falling back to static"}
{"level":30,"time":"2026-07-31T15:10:44.490Z","pid":4,"service":"mockzilla","version":"1.0.6","reqId":"aa232c6f-8712-4e8c-ba23-06df1b15b601","path":"/api/users","method":"GET","type":"intercept","msg":"Incoming request"}
{"level":30,"time":"2026-07-31T15:10:44.490Z","pid":4,"service":"mockzilla","version":"1.0.6","reqId":"aa232c6f-8712-4e8c-ba23-06df1b15b601","path":"/api/users","method":"GET","type":"intercept","mockId":"mock-1","matchType":"exact","msg":"Mock match found"}
{"level":30,"time":"2026-07-31T15:10:44.491Z","pid":4,"service":"mockzilla","version":"1.0.6","reqId":"aa232c6f-8712-4e8c-ba23-06df1b15b601","path":"/api/users","method":"GET","type":"intercept","statusCode":200,"msg":"Returning static response"}
{"level":30,"time":"2026-07-31T15:10:44.492Z","pid":4,"service":"mockzilla","version":"1.0.6","reqId":"20859ea8-a60f-4be4-8302-35cc6344c4ad","path":"/api/users","method":"GET","type":"intercept","msg":"Incoming request"}
{"level":30,"time":"2026-07-31T15:10:44.492Z","pid":4,"service":"mockzilla","version":"1.0.6","reqId":"20859ea8-a60f-4be4-8302-35cc6344c4ad","path":"/api/users","method":"GET","type":"intercept","mockId":"mock-1","matchType":"exact","msg":"Mock match found"}
{"level":30,"time":"2026-07-31T15:10:44.493Z","pid":4,"service":"mockzilla","version":"1.0.6","reqId":"20859ea8-a60f-4be4-8302-35cc6344c4ad","path":"/api/users","method":"GET","type":"intercept","statusCode":200,"msg":"Returning static response"}
{"level":30,"time":"2026-07-31T15:10:44.494Z","pid":4,"service":"mockzilla","version":"1.0.6","reqId":"6029d9b4-fc2f-4720-8044-537c5ab0bf42","path":"/api/users","method":"POST","type":"intercept","msg":"Incoming request"}
{"level":30,"time":"2026-07-31T15:10:44.494Z","pid":4,"service":"mockzilla","version":"1.0.6","reqId":"6029d9b4-fc2f-4720-8044-537c5ab0bf42","path":"/api/users","method":"POST","type":"intercept","mockId":"mock-1","matchType":"exact","msg":"Mock match found"}
{"level":30,"time":"2026-07-31T15:10:44.494Z","pid":4,"service":"mockzilla","version":"1.0.6","reqId":"6029d9b4-fc2f-4720-8044-537c5ab0bf42","path":"/api/users","method":"POST","type":"intercept","statusCode":200,"msg":"Returning echoed text response"}
{"level":30,"time":"2026-07-31T15:10:44.495Z","pid":4,"service":"mockzilla","version":"1.0.6","reqId":"d6a56656-1475-4e7d-9bc7-925f2f099b17","path":"/api/users","method":"HEAD","type":"intercept","msg":"Incoming request"}
{"level":30,"time":"2026-07-31T15:10:44.496Z","pid":4,"service":"mockzilla","version":"1.0.6","reqId":"d6a56656-1475-4e7d-9bc7-925f2f099b17","path":"/api/users","method":"HEAD","type":"intercept","mockId":"mock-1","matchType":"exact","msg":"Mock match found"}
{"level":30,"time":"2026-07-31T15:10:44.496Z","pid":4,"service":"mockzilla","version":"1.0.6","reqId":"d6a56656-1475-4e7d-9bc7-925f2f099b17","path":"/api/users","method":"HEAD","type":"intercept","statusCode":200,"msg":"Returning static response"}
{"level":30,"time":"2026-07-31T15:10:44.497Z","pid":4,"service":"mockzilla","version":"1.0.6","reqId":"6f30696c-9383-405c-b730-bb85a64fcb5d","path":"/api/users","method":"PUT","type":"intercept","msg":"Incoming request"}
{"level":30,"time":"2026-07-31T15:10:44.497Z","pid":4,"service":"mockzilla","version":"1.0.6","reqId":"6f30696c-9383-405c-b730-bb85a64fcb5d","path":"/api/users","method":"PUT","type":"intercept","mockId":"mock-1","matchType":"exact","msg":"Mock match found"}
{"level":30,"time":"2026-07-31T15:10:44.497Z","pid":4,"service":"mockzilla","version":"1.0.6","reqId":"6f30696c-9383-405c-b730-bb85a64fcb5d","path":"/api/users","method":"PUT","type":"intercept","statusCode":200,"msg":"Returning static response"}
{"level":30,"time":"2026-07-31T15:10:44.498Z","pid":4,"service":"mockzilla","version":"1.0.6","reqId":"97d14e75-5b31-4284-9254-dc4815fd02b2","path":"/api/users","method":"PATCH","type":"intercept","msg":"Incoming request"}
{"level":30,"time":"2026-07-31T15:10:44.498Z","pid":4,"service":"mockzilla","version":"1.0.6","reqId":"97d14e75-5b31-4284-9254-dc4815fd02b2","path":"/api/users","method":"PATCH","type":"intercept","mockId":"mock-1","matchType":"exact","msg":"Mock match found"}
{"level":30,"time":"2026-07-31T15:10:44.498Z","pid":4,"service":"mockzilla","version":"1.0.6","reqId":"97d14e75-5b31-4284-9254-dc4815fd02b2","path":"/api/users","method":"PATCH","type":"intercept","statusCode":200,"msg":"Returning static response"}
{"level":30,"time":"2026-07-31T15:10:44.499Z","pid":4,"service":"mockzilla","version":"1.0.6","reqId":"dc689142-f79f-42cb-a234-e0f84af21c5e","path":"/api/users","method":"DELETE","type":"intercept","msg":"Incoming request"}
{"level":30,"time":"2026-07-31T15:10:44.499Z","pid":4,"service":"mockzilla","version":"1.0.6","reqId":"dc689142-f79f-42cb-a234-e0f84af21c5e","path":"/api/users","method":"DELETE","type":"intercept","mockId":"mock-1","matchType":"exact","msg":"Mock match found"}
{"level":30,"time":"2026-07-31T15:10:44.500Z","pid":4,"service":"mockzilla","version":"1.0.6","reqId":"dc689142-f79f-42cb-a234-e0f84af21c5e","path":"/api/users","method":"DELETE","type":"intercept","statusCode":200,"msg":"Returning static response"}
{"level":30,"time":"2026-07-31T15:10:44.501Z","pid":4,"service":"mockzilla","version":"1.0.6","reqId":"c802b960-5a84-405c-877d-14647b1fc298","path":"/api/users","method":"GET","type":"intercept","msg":"Incoming request"}
{"level":40,"time":"2026-07-31T15:10:44.501Z","pid":4,"service":"mockzilla","version":"1.0.6","reqId":"c802b960-5a84-405c-877d-14647b1fc298","path":"/api/users","method":"GET","type":"intercept","msg":"No matching mock found"}
{"level":30,"time":"2026-07-31T15:10:44.502Z","pid":4,"service":"mockzilla","version":"1.0.6","reqId":"da3dad74-8832-456b-b2f0-154995944414","path":"/api/users","method":"GET","type":"intercept","msg":"Incoming request"}
{"level":50,"time":"2026-07-31T15:10:44.502Z","pid":4,"service":"mockzilla","version":"1.0.6","reqId":"da3dad74-8832-456b-b2f0-154995944414","path":"/api/users","method":"GET","type":"intercept","err":{"type":"Error","message":"Database connection failed","stack":"Error: Database connection failed\n    at <anonymous> (/home/andrecrjr/Documents/dev/mockzilla-workspace/mockzilla/tests/integration/serve-mock.test.ts:653:14)\n    at unknown\n    at handleRequest (/home/andrecrjr/Documents/dev/mockzilla-workspace/mockzilla/app/api/mock/[...path]/route.ts:80:31)\n    at async <anonymous> (/home/andrecrjr/Documents/dev/mockzilla-workspace/mockzilla/tests/integration/serve-mock.test.ts:659:21)\n    at processTicksAndRejections (native:7:39)"},"msg":"Internal Server Error during mock processing"}
{"level":30,"time":"2026-07-31T15:10:44.504Z","pid":4,"service":"mockzilla","version":"1.0.6","reqId":"24822b66-74ff-4949-b414-69503a0af306","path":"/api/users","method":"GET","type":"intercept","msg":"Incoming request"}
{"level":30,"time":"2026-07-31T15:10:44.504Z","pid":4,"service":"mockzilla","version":"1.0.6","reqId":"24822b66-74ff-4949-b414-69503a0af306","path":"/api/users","method":"GET","type":"intercept","mockId":"mock-1","matchType":"exact","msg":"Mock match found"}
{"level":30,"time":"2026-07-31T15:10:44.504Z","pid":4,"service":"mockzilla","version":"1.0.6","reqId":"24822b66-74ff-4949-b414-69503a0af306","path":"/api/users","method":"GET","type":"intercept","delay":500,"msg":"Applying response delay"}
{"level":30,"time":"2026-07-31T15:10:45.007Z","pid":4,"service":"mockzilla","version":"1.0.6","reqId":"24822b66-74ff-4949-b414-69503a0af306","path":"/api/users","method":"GET","type":"intercept","statusCode":200,"msg":"Returning static response"}
{"level":30,"time":"2026-07-31T15:11:01.491Z","pid":4,"service":"mockzilla","version":"1.0.6","reqId":"657a13d6-8947-4b2b-8bb7-1abe31f8c69e","path":"/api/users","method":"GET","type":"intercept","msg":"Incoming request"}
{"level":30,"time":"2026-07-31T15:11:01.500Z","pid":4,"service":"mockzilla","version":"1.0.6","reqId":"657a13d6-8947-4b2b-8bb7-1abe31f8c69e","path":"/api/users","method":"GET","type":"intercept","mockId":"mock-1","matchType":"exact","msg":"Mock match found"}
{"level":30,"time":"2026-07-31T15:11:01.888Z","pid":4,"service":"mockzilla","version":"1.0.6","reqId":"657a13d6-8947-4b2b-8bb7-1abe31f8c69e","path":"/api/users","method":"GET","type":"intercept","statusCode":200,"msg":"Returning static response"}
{"level":30,"time":"2026-07-31T15:11:01.893Z","pid":4,"service":"mockzilla","version":"1.0.6","reqId":"3b6c855d-aa90-435f-aa9e-153be14af551","path":"/unknown/users","method":"GET","type":"intercept","msg":"Incoming request"}
{"level":40,"time":"2026-07-31T15:11:01.894Z","pid":4,"service":"mockzilla","version":"1.0.6","reqId":"3b6c855d-aa90-435f-aa9e-153be14af551","path":"/unknown/users","method":"GET","type":"intercept","pathSegments":["unknown","users"],"msg":"Folder not found"}
{"level":30,"time":"2026-07-31T15:11:01.895Z","pid":4,"service":"mockzilla","version":"1.0.6","reqId":"ac440e52-6fcd-44b9-b6a7-4b18d75d01a3","path":"/api/unknown","method":"GET","type":"intercept","msg":"Incoming request"}
{"level":40,"time":"2026-07-31T15:11:01.896Z","pid":4,"service":"mockzilla","version":"1.0.6","reqId":"ac440e52-6fcd-44b9-b6a7-4b18d75d01a3","path":"/api/unknown","method":"GET","type":"intercept","msg":"No matching mock found"}
{"level":30,"time":"2026-07-31T15:11:01.897Z","pid":4,"service":"mockzilla","version":"1.0.6","reqId":"a0cbfc8b-b2a7-4c47-9943-13e02464ffd4","path":"/api/users","method":"POST","type":"intercept","msg":"Incoming request"}
{"level":30,"time":"2026-07-31T15:11:01.898Z","pid":4,"service":"mockzilla","version":"1.0.6","reqId":"a0cbfc8b-b2a7-4c47-9943-13e02464ffd4","path":"/api/users","method":"POST","type":"intercept","mockId":"mock-1","matchType":"exact","msg":"Mock match found"}
{"level":30,"time":"2026-07-31T15:11:01.899Z","pid":4,"service":"mockzilla","version":"1.0.6","reqId":"a0cbfc8b-b2a7-4c47-9943-13e02464ffd4","path":"/api/users","method":"POST","type":"intercept","statusCode":201,"msg":"Returning echoed JSON response"}
{"level":30,"time":"2026-07-31T15:11:01.900Z","pid":4,"service":"mockzilla","version":"1.0.6","reqId":"8c302b28-38b0-4387-a47b-b703f985fbab","path":"/api/text","method":"GET","type":"intercept","msg":"Incoming request"}
{"level":30,"time":"2026-07-31T15:11:01.901Z","pid":4,"service":"mockzilla","version":"1.0.6","reqId":"8c302b28-38b0-4387-a47b-b703f985fbab","path":"/api/text","method":"GET","type":"intercept","mockId":"mock-1","matchType":"exact","msg":"Mock match found"}
{"level":30,"time":"2026-07-31T15:11:01.902Z","pid":4,"service":"mockzilla","version":"1.0.6","reqId":"8c302b28-38b0-4387-a47b-b703f985fbab","path":"/api/text","method":"GET","type":"intercept","statusCode":200,"msg":"Returning static response"}
{"level":30,"time":"2026-07-31T15:11:01.903Z","pid":4,"service":"mockzilla","version":"1.0.6","reqId":"ce53f790-9ae0-4e3d-8fb6-df7821d6859c","path":"/api/","method":"GET","type":"intercept","msg":"Incoming request"}
{"level":30,"time":"2026-07-31T15:11:01.904Z","pid":4,"service":"mockzilla","version":"1.0.6","reqId":"ce53f790-9ae0-4e3d-8fb6-df7821d6859c","path":"/api/","method":"GET","type":"intercept","mockId":"mock-1","matchType":"exact","msg":"Mock match found"}
{"level":30,"time":"2026-07-31T15:11:01.904Z","pid":4,"service":"mockzilla","version":"1.0.6","reqId":"ce53f790-9ae0-4e3d-8fb6-df7821d6859c","path":"/api/","method":"GET","type":"intercept","statusCode":200,"msg":"Returning static response"}
{"level":30,"time":"2026-07-31T15:11:01.905Z","pid":4,"service":"mockzilla","version":"1.0.6","reqId":"0e9c239a-21c8-44f8-822e-c40f2bb8fed0","path":"/api","method":"GET","type":"intercept","msg":"Incoming request"}
{"level":30,"time":"2026-07-31T15:11:01.906Z","pid":4,"service":"mockzilla","version":"1.0.6","reqId":"0e9c239a-21c8-44f8-822e-c40f2bb8fed0","path":"/api","method":"GET","type":"intercept","mockId":"mock-1","matchType":"exact","msg":"Mock match found"}
{"level":30,"time":"2026-07-31T15:11:01.907Z","pid":4,"service":"mockzilla","version":"1.0.6","reqId":"0e9c239a-21c8-44f8-822e-c40f2bb8fed0","path":"/api","method":"GET","type":"intercept","statusCode":200,"msg":"Returning static response"}
{"level":30,"time":"2026-07-31T15:11:01.909Z","pid":4,"service":"mockzilla","version":"1.0.6","reqId":"c0ebd6f9-9da5-4696-a7b3-7c8daa5aaea2","path":"/api/dynamic","method":"GET","type":"intercept","msg":"Incoming request"}
{"level":30,"time":"2026-07-31T15:11:01.910Z","pid":4,"service":"mockzilla","version":"1.0.6","reqId":"c0ebd6f9-9da5-4696-a7b3-7c8daa5aaea2","path":"/api/dynamic","method":"GET","type":"intercept","mockId":"mock-1","matchType":"exact","msg":"Mock match found"}
{"level":30,"time":"2026-07-31T15:11:01.980Z","pid":4,"service":"mockzilla","version":"1.0.6","reqId":"c0ebd6f9-9da5-4696-a7b3-7c8daa5aaea2","path":"/api/dynamic","method":"GET","type":"intercept","statusCode":200,"msg":"Returning dynamic response"}
{"level":30,"time":"2026-07-31T15:11:01.982Z","pid":4,"service":"mockzilla","version":"1.0.6","reqId":"365d8ca7-6d90-4bdd-b46b-64fe388d3d05","path":"/api/users/","method":"GET","type":"intercept","msg":"Incoming request"}
{"level":30,"time":"2026-07-31T15:11:01.983Z","pid":4,"service":"mockzilla","version":"1.0.6","reqId":"365d8ca7-6d90-4bdd-b46b-64fe388d3d05","path":"/api/users/","method":"GET","type":"intercept","mockId":"mock-1","matchType":"exact","msg":"Mock match found"}
{"level":30,"time":"2026-07-31T15:11:01.983Z","pid":4,"service":"mockzilla","version":"1.0.6","reqId":"365d8ca7-6d90-4bdd-b46b-64fe388d3d05","path":"/api/users/","method":"GET","type":"intercept","statusCode":200,"msg":"Returning static response"}
{"level":30,"time":"2026-07-31T15:11:01.984Z","pid":4,"service":"mockzilla","version":"1.0.6","reqId":"5109dd43-f7a6-4605-a0e5-494d689cc687","path":"/api/users/list","method":"GET","type":"intercept","msg":"Incoming request"}
{"level":30,"time":"2026-07-31T15:11:01.985Z","pid":4,"service":"mockzilla","version":"1.0.6","reqId":"5109dd43-f7a6-4605-a0e5-494d689cc687","path":"/api/users/list","method":"GET","type":"intercept","mockId":"substring-1","matchType":"substring","msg":"Mock match found"}
{"level":30,"time":"2026-07-31T15:11:01.985Z","pid":4,"service":"mockzilla","version":"1.0.6","reqId":"5109dd43-f7a6-4605-a0e5-494d689cc687","path":"/api/users/list","method":"GET","type":"intercept","statusCode":200,"msg":"Returning static response"}
{"level":30,"time":"2026-07-31T15:11:01.986Z","pid":4,"service":"mockzilla","version":"1.0.6","reqId":"20acb70d-1d1e-49e1-bb9c-a59100b5e998","path":"/api/users/details/123","method":"GET","type":"intercept","msg":"Incoming request"}
{"level":30,"time":"2026-07-31T15:11:01.987Z","pid":4,"service":"mockzilla","version":"1.0.6","reqId":"20acb70d-1d1e-49e1-bb9c-a59100b5e998","path":"/api/users/details/123","method":"GET","type":"intercept","mockId":"mock-subfolder-1","matchType":"exact","msg":"Mock match found"}
{"level":30,"time":"2026-07-31T15:11:01.987Z","pid":4,"service":"mockzilla","version":"1.0.6","reqId":"20acb70d-1d1e-49e1-bb9c-a59100b5e998","path":"/api/users/details/123","method":"GET","type":"intercept","statusCode":200,"msg":"Returning static response"}
{"level":30,"time":"2026-07-31T15:11:01.988Z","pid":4,"service":"mockzilla","version":"1.0.6","reqId":"039165bf-157b-40e3-8a9c-c4c6db77394a","path":"/api/users/details/123","method":"GET","type":"intercept","msg":"Incoming request"}
{"level":30,"time":"2026-07-31T15:11:01.989Z","pid":4,"service":"mockzilla","version":"1.0.6","reqId":"039165bf-157b-40e3-8a9c-c4c6db77394a","path":"/api/users/details/123","method":"GET","type":"intercept","mockId":"mock-subfolder-wildcard-query","matchType":"wildcard","msg":"Mock match found"}
{"level":30,"time":"2026-07-31T15:11:01.990Z","pid":4,"service":"mockzilla","version":"1.0.6","reqId":"039165bf-157b-40e3-8a9c-c4c6db77394a","path":"/api/users/details/123","method":"GET","type":"intercept","statusCode":200,"msg":"Returning static response"}
{"level":30,"time":"2026-07-31T15:11:01.992Z","pid":4,"service":"mockzilla","version":"1.0.6","reqId":"df7b9a45-fcbd-42b4-8c89-906b735dcf2c","path":"/api/users/details/123","method":"GET","type":"intercept","msg":"Incoming request"}
{"level":40,"time":"2026-07-31T15:11:01.992Z","pid":4,"service":"mockzilla","version":"1.0.6","reqId":"df7b9a45-fcbd-42b4-8c89-906b735dcf2c","path":"/api/users/details/123","method":"GET","type":"intercept","msg":"No matching mock found"}
{"level":30,"time":"2026-07-31T15:11:01.994Z","pid":4,"service":"mockzilla","version":"1.0.6","reqId":"0947dc8a-595d-4073-9ed6-075e60f70ec9","path":"/api/users","method":"GET","type":"intercept","msg":"Incoming request"}
{"level":30,"time":"2026-07-31T15:11:01.994Z","pid":4,"service":"mockzilla","version":"1.0.6","reqId":"0947dc8a-595d-4073-9ed6-075e60f70ec9","path":"/api/users","method":"GET","type":"intercept","mockId":"mock-1","matchType":"exact","msg":"Mock match found"}
{"level":30,"time":"2026-07-31T15:11:01.995Z","pid":4,"service":"mockzilla","version":"1.0.6","reqId":"0947dc8a-595d-4073-9ed6-075e60f70ec9","path":"/api/users","method":"GET","type":"intercept","statusCode":204,"msg":"Returning bodyless response"}
{"level":30,"time":"2026-07-31T15:11:01.995Z","pid":4,"service":"mockzilla","version":"1.0.6","reqId":"46c6d316-305b-4a24-8525-9bcb757dc4d4","path":"/api/users","method":"GET","type":"intercept","msg":"Incoming request"}
{"level":30,"time":"2026-07-31T15:11:01.996Z","pid":4,"service":"mockzilla","version":"1.0.6","reqId":"46c6d316-305b-4a24-8525-9bcb757dc4d4","path":"/api/users","method":"GET","type":"intercept","mockId":"mock-1","matchType":"exact","msg":"Mock match found"}
{"level":30,"time":"2026-07-31T15:11:01.996Z","pid":4,"service":"mockzilla","version":"1.0.6","reqId":"46c6d316-305b-4a24-8525-9bcb757dc4d4","path":"/api/users","method":"GET","type":"intercept","statusCode":205,"msg":"Returning bodyless response"}
{"level":30,"time":"2026-07-31T15:11:01.996Z","pid":4,"service":"mockzilla","version":"1.0.6","reqId":"78f265a6-f2e5-4f74-89dc-ba144be88357","path":"/api/users","method":"GET","type":"intercept","msg":"Incoming request"}
{"level":30,"time":"2026-07-31T15:11:01.997Z","pid":4,"service":"mockzilla","version":"1.0.6","reqId":"78f265a6-f2e5-4f74-89dc-ba144be88357","path":"/api/users","method":"GET","type":"intercept","mockId":"mock-1","matchType":"exact","msg":"Mock match found"}
{"level":30,"time":"2026-07-31T15:11:01.997Z","pid":4,"service":"mockzilla","version":"1.0.6","reqId":"78f265a6-f2e5-4f74-89dc-ba144be88357","path":"/api/users","method":"GET","type":"intercept","statusCode":304,"msg":"Returning bodyless response"}
{"level":30,"time":"2026-07-31T15:11:01.998Z","pid":4,"service":"mockzilla","version":"1.0.6","reqId":"fa423339-54ed-4040-9e55-ef9a9e944e1a","path":"/api/users","method":"GET","type":"intercept","msg":"Incoming request"}
{"level":30,"time":"2026-07-31T15:11:01.998Z","pid":4,"service":"mockzilla","version":"1.0.6","reqId":"fa423339-54ed-4040-9e55-ef9a9e944e1a","path":"/api/users","method":"GET","type":"intercept","mockId":"mock-1","matchType":"exact","msg":"Mock match found"}
{"level":30,"time":"2026-07-31T15:11:01.998Z","pid":4,"service":"mockzilla","version":"1.0.6","reqId":"fa423339-54ed-4040-9e55-ef9a9e944e1a","path":"/api/users","method":"GET","type":"intercept","statusCode":200,"msg":"Returning static response"}
{"level":30,"time":"2026-07-31T15:11:01.999Z","pid":4,"service":"mockzilla","version":"1.0.6","reqId":"4aae570e-9be5-45c2-a2c5-c441fb9ac477","path":"/api/users","method":"POST","type":"intercept","msg":"Incoming request"}
{"level":30,"time":"2026-07-31T15:11:02.000Z","pid":4,"service":"mockzilla","version":"1.0.6","reqId":"4aae570e-9be5-45c2-a2c5-c441fb9ac477","path":"/api/users","method":"POST","type":"intercept","mockId":"mock-1","matchType":"exact","msg":"Mock match found"}
{"level":40,"time":"2026-07-31T15:11:02.001Z","pid":4,"service":"mockzilla","version":"1.0.6","reqId":"4aae570e-9be5-45c2-a2c5-c441fb9ac477","path":"/api/users","method":"POST","type":"intercept","msg":"Failed to parse JSON for echo, falling back to text"}
{"level":30,"time":"2026-07-31T15:11:02.002Z","pid":4,"service":"mockzilla","version":"1.0.6","reqId":"94cad98a-86e3-4494-af4f-faf66c7933d6","path":"/api/users","method":"GET","type":"intercept","msg":"Incoming request"}
{"level":30,"time":"2026-07-31T15:11:02.002Z","pid":4,"service":"mockzilla","version":"1.0.6","reqId":"94cad98a-86e3-4494-af4f-faf66c7933d6","path":"/api/users","method":"GET","type":"intercept","mockId":"mock-1","matchType":"exact","msg":"Mock match found"}
{"level":50,"time":"2026-07-31T15:11:02.003Z","pid":4,"service":"mockzilla","version":"1.0.6","reqId":"94cad98a-86e3-4494-af4f-faf66c7933d6","path":"/api/users","method":"GET","type":"intercept","err":{"type":"SyntaxError","message":"JSON Parse error: Unexpected identifier \"invalid\"","stack":"SyntaxError: JSON Parse error: Unexpected identifier \"invalid\"\n    at <parse> (:0)\n    at parse (unknown)\n    at handleDynamicResponse (/home/andrecrjr/Documents/dev/mockzilla-workspace/mockzilla/app/api/mock/[...path]/route.ts:469:9)\n    at processTicksAndRejections (native:7:39)"},"msg":"Error generating from schema, falling back to static"}
{"level":30,"time":"2026-07-31T15:11:02.004Z","pid":4,"service":"mockzilla","version":"1.0.6","reqId":"30aec38a-86fb-46c3-b75b-0c9da4473068","path":"/api/users","method":"GET","type":"intercept","msg":"Incoming request"}
{"level":30,"time":"2026-07-31T15:11:02.005Z","pid":4,"service":"mockzilla","version":"1.0.6","reqId":"30aec38a-86fb-46c3-b75b-0c9da4473068","path":"/api/users","method":"GET","type":"intercept","mockId":"mock-1","matchType":"exact","msg":"Mock match found"}
{"level":30,"time":"2026-07-31T15:11:02.005Z","pid":4,"service":"mockzilla","version":"1.0.6","reqId":"30aec38a-86fb-46c3-b75b-0c9da4473068","path":"/api/users","method":"GET","type":"intercept","statusCode":200,"msg":"Returning static response"}
{"level":30,"time":"2026-07-31T15:11:02.006Z","pid":4,"service":"mockzilla","version":"1.0.6","reqId":"76fdd085-ac7f-4d6b-b164-2d5e78bf4520","path":"/api/users","method":"GET","type":"intercept","msg":"Incoming request"}
{"level":30,"time":"2026-07-31T15:11:02.007Z","pid":4,"service":"mockzilla","version":"1.0.6","reqId":"76fdd085-ac7f-4d6b-b164-2d5e78bf4520","path":"/api/users","method":"GET","type":"intercept","mockId":"mock-1","matchType":"exact","msg":"Mock match found"}
{"level":30,"time":"2026-07-31T15:11:02.007Z","pid":4,"service":"mockzilla","version":"1.0.6","reqId":"76fdd085-ac7f-4d6b-b164-2d5e78bf4520","path":"/api/users","method":"GET","type":"intercept","statusCode":200,"msg":"Returning static response"}
{"level":30,"time":"2026-07-31T15:11:02.008Z","pid":4,"service":"mockzilla","version":"1.0.6","reqId":"e4a54229-1ef9-4a55-8be6-67b9423a6d7b","path":"/api/users","method":"POST","type":"intercept","msg":"Incoming request"}
{"level":30,"time":"2026-07-31T15:11:02.008Z","pid":4,"service":"mockzilla","version":"1.0.6","reqId":"e4a54229-1ef9-4a55-8be6-67b9423a6d7b","path":"/api/users","method":"POST","type":"intercept","mockId":"mock-1","matchType":"exact","msg":"Mock match found"}
{"level":30,"time":"2026-07-31T15:11:02.009Z","pid":4,"service":"mockzilla","version":"1.0.6","reqId":"e4a54229-1ef9-4a55-8be6-67b9423a6d7b","path":"/api/users","method":"POST","type":"intercept","statusCode":200,"msg":"Returning echoed text response"}
{"level":30,"time":"2026-07-31T15:11:02.009Z","pid":4,"service":"mockzilla","version":"1.0.6","reqId":"4b9fa5bc-fe0b-4112-ad35-36b59108a485","path":"/api/users","method":"HEAD","type":"intercept","msg":"Incoming request"}
{"level":30,"time":"2026-07-31T15:11:02.010Z","pid":4,"service":"mockzilla","version":"1.0.6","reqId":"4b9fa5bc-fe0b-4112-ad35-36b59108a485","path":"/api/users","method":"HEAD","type":"intercept","mockId":"mock-1","matchType":"exact","msg":"Mock match found"}
{"level":30,"time":"2026-07-31T15:11:02.010Z","pid":4,"service":"mockzilla","version":"1.0.6","reqId":"4b9fa5bc-fe0b-4112-ad35-36b59108a485","path":"/api/users","method":"HEAD","type":"intercept","statusCode":200,"msg":"Returning static response"}
{"level":30,"time":"2026-07-31T15:11:02.011Z","pid":4,"service":"mockzilla","version":"1.0.6","reqId":"d9c04b27-b249-401c-bc8e-a092845f5e80","path":"/api/users","method":"PUT","type":"intercept","msg":"Incoming request"}
{"level":30,"time":"2026-07-31T15:11:02.011Z","pid":4,"service":"mockzilla","version":"1.0.6","reqId":"d9c04b27-b249-401c-bc8e-a092845f5e80","path":"/api/users","method":"PUT","type":"intercept","mockId":"mock-1","matchType":"exact","msg":"Mock match found"}
{"level":30,"time":"2026-07-31T15:11:02.012Z","pid":4,"service":"mockzilla","version":"1.0.6","reqId":"d9c04b27-b249-401c-bc8e-a092845f5e80","path":"/api/users","method":"PUT","type":"intercept","statusCode":200,"msg":"Returning static response"}
{"level":30,"time":"2026-07-31T15:11:02.012Z","pid":4,"service":"mockzilla","version":"1.0.6","reqId":"c558378f-c8f6-4d74-b00d-d2a091c74d91","path":"/api/users","method":"PATCH","type":"intercept","msg":"Incoming request"}
{"level":30,"time":"2026-07-31T15:11:02.013Z","pid":4,"service":"mockzilla","version":"1.0.6","reqId":"c558378f-c8f6-4d74-b00d-d2a091c74d91","path":"/api/users","method":"PATCH","type":"intercept","mockId":"mock-1","matchType":"exact","msg":"Mock match found"}
{"level":30,"time":"2026-07-31T15:11:02.013Z","pid":4,"service":"mockzilla","version":"1.0.6","reqId":"c558378f-c8f6-4d74-b00d-d2a091c74d91","path":"/api/users","method":"PATCH","type":"intercept","statusCode":200,"msg":"Returning static response"}
{"level":30,"time":"2026-07-31T15:11:02.014Z","pid":4,"service":"mockzilla","version":"1.0.6","reqId":"e16cc35d-c906-4bd2-bda4-27e36b9ed02a","path":"/api/users","method":"DELETE","type":"intercept","msg":"Incoming request"}
{"level":30,"time":"2026-07-31T15:11:02.014Z","pid":4,"service":"mockzilla","version":"1.0.6","reqId":"e16cc35d-c906-4bd2-bda4-27e36b9ed02a","path":"/api/users","method":"DELETE","type":"intercept","mockId":"mock-1","matchType":"exact","msg":"Mock match found"}
{"level":30,"time":"2026-07-31T15:11:02.014Z","pid":4,"service":"mockzilla","version":"1.0.6","reqId":"e16cc35d-c906-4bd2-bda4-27e36b9ed02a","path":"/api/users","method":"DELETE","type":"intercept","statusCode":200,"msg":"Returning static response"}
{"level":30,"time":"2026-07-31T15:11:02.015Z","pid":4,"service":"mockzilla","version":"1.0.6","reqId":"6ea12b94-c101-4877-a655-405ed5a81d39","path":"/api/users","method":"GET","type":"intercept","msg":"Incoming request"}
{"level":40,"time":"2026-07-31T15:11:02.016Z","pid":4,"service":"mockzilla","version":"1.0.6","reqId":"6ea12b94-c101-4877-a655-405ed5a81d39","path":"/api/users","method":"GET","type":"intercept","msg":"No matching mock found"}
{"level":30,"time":"2026-07-31T15:11:02.017Z","pid":4,"service":"mockzilla","version":"1.0.6","reqId":"11faad5a-5a3b-4a28-a3c9-4d6bb8435b37","path":"/api/users","method":"GET","type":"intercept","msg":"Incoming request"}
{"level":50,"time":"2026-07-31T15:11:02.017Z","pid":4,"service":"mockzilla","version":"1.0.6","reqId":"11faad5a-5a3b-4a28-a3c9-4d6bb8435b37","path":"/api/users","method":"GET","type":"intercept","err":{"type":"Error","message":"Database connection failed","stack":"Error: Database connection failed\n    at <anonymous> (/home/andrecrjr/Documents/dev/mockzilla-workspace/mockzilla/tests/integration/serve-mock.test.ts:665:14)\n    at unknown\n    at handleRequest (/home/andrecrjr/Documents/dev/mockzilla-workspace/mockzilla/app/api/mock/[...path]/route.ts:80:31)\n    at async <anonymous> (/home/andrecrjr/Documents/dev/mockzilla-workspace/mockzilla/tests/integration/serve-mock.test.ts:671:21)\n    at processTicksAndRejections (native:7:39)"},"msg":"Internal Server Error during mock processing"}
{"level":30,"time":"2026-07-31T15:11:02.018Z","pid":4,"service":"mockzilla","version":"1.0.6","reqId":"02338052-33c2-4d21-b245-209ca238801f","path":"/api/users","method":"GET","type":"intercept","msg":"Incoming request"}
{"level":30,"time":"2026-07-31T15:11:02.019Z","pid":4,"service":"mockzilla","version":"1.0.6","reqId":"02338052-33c2-4d21-b245-209ca238801f","path":"/api/users","method":"GET","type":"intercept","mockId":"mock-1","matchType":"exact","msg":"Mock match found"}
{"level":30,"time":"2026-07-31T15:11:02.019Z","pid":4,"service":"mockzilla","version":"1.0.6","reqId":"02338052-33c2-4d21-b245-209ca238801f","path":"/api/users","method":"GET","type":"intercept","delay":500,"msg":"Applying response delay"}
{"level":30,"time":"2026-07-31T15:11:02.520Z","pid":4,"service":"mockzilla","version":"1.0.6","reqId":"02338052-33c2-4d21-b245-209ca238801f","path":"/api/users","method":"GET","type":"intercept","statusCode":200,"msg":"Returning static response"}
